antrenmantakipcom\DataAccess\Abstract\IWorkoutDal.class
antrenmantakipcom\Entities\Concrete\Records.class
antrenmantakipcom\Entities\Concrete\Meal.class
antrenmantakipcom\Business\Utilities\Functions\Concrete\AlertFunction.class
antrenmantakipcom\DataAccess\Concrete\Dal\RecordsDal.class
antrenmantakipcom\DataAccess\Concrete\Dal\WorkoutTemplateDal.class
antrenmantakipcom\DataAccess\Abstract\IAddedWorkoutProgramDal.class
antrenmantakipcom\Business\Authorization\AddNewUserScreen.class
antrenmantakipcom\Entities\Concrete\Food.class
antrenmantakipcom\Main.class
antrenmantakipcom\Entities\Abstract\IEntity.class
antrenmantakipcom\Business\FoodMeal\DailyMacroAndFoodValuesScreen.class
antrenmantakipcom\Business\FoodMeal\ShowFoodGraphs.class
antrenmantakipcom\Business\Workout\AddWorkoutScreen.class
antrenmantakipcom\DataAccess\Abstract\IFoodDal.class
antrenmantakipcom\Business\Utilities\Functions\Abstract\IFunction.class
antrenmantakipcom\Business\Utilities\Functions\Concrete\ImageFunction.class
antrenmantakipcom\DataAccess\Abstract\IMealDal.class
antrenmantakipcom\DataAccess\Concrete\Dal\DailyFoodValueDal.class
antrenmantakipcom\Business\Workout\CreatingWorkoutsScreen.class
antrenmantakipcom\DataAccess\Abstract\IDailyFoodValueDal.class
antrenmantakipcom\Entities\Concrete\Movement.class
antrenmantakipcom\Business\Authorization\UserLoginFrame.class
antrenmantakipcom\MainScreen.class
antrenmantakipcom\DataAccess\Concrete\Dal\MealDal.class
antrenmantakipcom\DataAccess\Abstract\IUserDal.class
antrenmantakipcom\DataAccess\Abstract\IRecordsDal.class
antrenmantakipcom\Entities\Concrete\WorkoutTemplate.class
antrenmantakipcom\DataAccess\Concrete\Database.class
antrenmantakipcom\Business\FoodMeal\CreateSpecialMealCreateSpecialFood.class
antrenmantakipcom\DataAccess\Abstract\IEntityRepositoryBase.class
antrenmantakipcom\SplashScreen.class
antrenmantakipcom\Entities\Concrete\AddedWorkoutProgram.class
antrenmantakipcom\Business\Workout\ShowWorkoutGraphsScreen.class
antrenmantakipcom\DataAccess\Concrete\Dal\UserDal.class
antrenmantakipcom\DataAccess\Concrete\Dal\MovementDal.class
antrenmantakipcom\DataAccess\Abstract\IMovementDal.class
antrenmantakipcom\Entities\Concrete\DailyFoodValue.class
antrenmantakipcom\Business\Utilities\Functions\Concrete\CreateButton.class
antrenmantakipcom\DataAccess\Concrete\Dal\AddedWorkoutProgramDal.class
antrenmantakipcom\Business\Workout\WorkoutStyleAndDaySelectionScreen.class
antrenmantakipcom\DataAccess\Abstract\IEntityRepository.class
antrenmantakipcom\Entities\Concrete\User.class
