C:\Users\kurtu\Documents\JavaVSCODE\ATP\AntrenmanTakip\src\main\java\antrenmantakipcom\Business\FoodMeal\CreateSpecialMealCreateSpecialFood.java
C:\Users\kurtu\Documents\JavaVSCODE\ATP\AntrenmanTakip\src\main\java\antrenmantakipcom\Entities\Concrete\User.java
C:\Users\kurtu\Documents\JavaVSCODE\ATP\AntrenmanTakip\src\main\java\antrenmantakipcom\DataAccess\Abstract\IEntityRepositoryBase.java
C:\Users\kurtu\Documents\JavaVSCODE\ATP\AntrenmanTakip\src\main\java\antrenmantakipcom\MainScreen.java
C:\Users\kurtu\Documents\JavaVSCODE\ATP\AntrenmanTakip\src\main\java\antrenmantakipcom\Business\Workout\AddWorkoutScreen.java
C:\Users\kurtu\Documents\JavaVSCODE\ATP\AntrenmanTakip\src\main\java\antrenmantakipcom\DataAccess\Abstract\IMealDal.java
C:\Users\kurtu\Documents\JavaVSCODE\ATP\AntrenmanTakip\src\main\java\antrenmantakipcom\Business\Utilities\Functions\Abstract\IFunction.java
C:\Users\kurtu\Documents\JavaVSCODE\ATP\AntrenmanTakip\src\main\java\antrenmantakipcom\Main.java
C:\Users\kurtu\Documents\JavaVSCODE\ATP\AntrenmanTakip\src\main\java\antrenmantakipcom\DataAccess\Concrete\Dal\MovementDal.java
C:\Users\kurtu\Documents\JavaVSCODE\ATP\AntrenmanTakip\src\main\java\antrenmantakipcom\DataAccess\Concrete\Dal\RecordsDal.java
C:\Users\kurtu\Documents\JavaVSCODE\ATP\AntrenmanTakip\src\main\java\antrenmantakipcom\Business\Utilities\Functions\Concrete\ImageFunction.java
C:\Users\kurtu\Documents\JavaVSCODE\ATP\AntrenmanTakip\src\main\java\antrenmantakipcom\DataAccess\Abstract\IEntityRepository.java
C:\Users\kurtu\Documents\JavaVSCODE\ATP\AntrenmanTakip\src\main\java\antrenmantakipcom\DataAccess\Abstract\IDailyFoodValueDal.java
C:\Users\kurtu\Documents\JavaVSCODE\ATP\AntrenmanTakip\src\main\java\antrenmantakipcom\Business\Workout\CreatingWorkoutsScreen.java
C:\Users\kurtu\Documents\JavaVSCODE\ATP\AntrenmanTakip\src\main\java\antrenmantakipcom\DataAccess\Abstract\IMovementDal.java
C:\Users\kurtu\Documents\JavaVSCODE\ATP\AntrenmanTakip\src\main\java\antrenmantakipcom\Business\Utilities\Functions\Concrete\AlertFunction.java
C:\Users\kurtu\Documents\JavaVSCODE\ATP\AntrenmanTakip\src\main\java\antrenmantakipcom\Entities\Concrete\Movement.java
C:\Users\kurtu\Documents\JavaVSCODE\ATP\AntrenmanTakip\src\main\java\antrenmantakipcom\Entities\Abstract\IEntity.java
C:\Users\kurtu\Documents\JavaVSCODE\ATP\AntrenmanTakip\src\main\java\antrenmantakipcom\Entities\Concrete\WorkoutTemplate.java
C:\Users\kurtu\Documents\JavaVSCODE\ATP\AntrenmanTakip\src\main\java\antrenmantakipcom\Business\Workout\ShowWorkoutGraphsScreen.java
C:\Users\kurtu\Documents\JavaVSCODE\ATP\AntrenmanTakip\src\main\java\antrenmantakipcom\DataAccess\Abstract\IWorkoutDal.java
C:\Users\kurtu\Documents\JavaVSCODE\ATP\AntrenmanTakip\src\main\java\antrenmantakipcom\Business\Workout\WorkoutStyleAndDaySelectionScreen.java
C:\Users\kurtu\Documents\JavaVSCODE\ATP\AntrenmanTakip\src\main\java\antrenmantakipcom\Entities\Concrete\Food.java
C:\Users\kurtu\Documents\JavaVSCODE\ATP\AntrenmanTakip\src\main\java\antrenmantakipcom\Business\Authorization\UserLoginFrame.java
C:\Users\kurtu\Documents\JavaVSCODE\ATP\AntrenmanTakip\src\main\java\antrenmantakipcom\SplashScreen.java
C:\Users\kurtu\Documents\JavaVSCODE\ATP\AntrenmanTakip\src\main\java\antrenmantakipcom\DataAccess\Concrete\Dal\MealDal.java
C:\Users\kurtu\Documents\JavaVSCODE\ATP\AntrenmanTakip\src\main\java\antrenmantakipcom\DataAccess\Concrete\Dal\AddedWorkoutProgramDal.java
C:\Users\kurtu\Documents\JavaVSCODE\ATP\AntrenmanTakip\src\main\java\antrenmantakipcom\Entities\Concrete\DailyFoodValue.java
C:\Users\kurtu\Documents\JavaVSCODE\ATP\AntrenmanTakip\src\main\java\antrenmantakipcom\Business\Utilities\Functions\Concrete\CreateButton.java
C:\Users\kurtu\Documents\JavaVSCODE\ATP\AntrenmanTakip\src\main\java\antrenmantakipcom\DataAccess\Concrete\Dal\UserDal.java
C:\Users\kurtu\Documents\JavaVSCODE\ATP\AntrenmanTakip\src\main\java\antrenmantakipcom\Business\Authorization\AddNewUserScreen.java
C:\Users\kurtu\Documents\JavaVSCODE\ATP\AntrenmanTakip\src\main\java\antrenmantakipcom\Business\FoodMeal\DailyMacroAndFoodValuesScreen.java
C:\Users\kurtu\Documents\JavaVSCODE\ATP\AntrenmanTakip\src\main\java\antrenmantakipcom\DataAccess\Abstract\IRecordsDal.java
C:\Users\kurtu\Documents\JavaVSCODE\ATP\AntrenmanTakip\src\main\java\antrenmantakipcom\Entities\Concrete\Meal.java
C:\Users\kurtu\Documents\JavaVSCODE\ATP\AntrenmanTakip\src\main\java\antrenmantakipcom\DataAccess\Abstract\IFoodDal.java
C:\Users\kurtu\Documents\JavaVSCODE\ATP\AntrenmanTakip\src\main\java\antrenmantakipcom\DataAccess\Concrete\Database.java
C:\Users\kurtu\Documents\JavaVSCODE\ATP\AntrenmanTakip\src\main\java\antrenmantakipcom\DataAccess\Abstract\IAddedWorkoutProgramDal.java
C:\Users\kurtu\Documents\JavaVSCODE\ATP\AntrenmanTakip\src\main\java\antrenmantakipcom\Entities\Concrete\AddedWorkoutProgram.java
C:\Users\kurtu\Documents\JavaVSCODE\ATP\AntrenmanTakip\src\main\java\antrenmantakipcom\DataAccess\Concrete\Dal\WorkoutTemplateDal.java
C:\Users\kurtu\Documents\JavaVSCODE\ATP\AntrenmanTakip\src\main\java\antrenmantakipcom\Entities\Concrete\Records.java
C:\Users\kurtu\Documents\JavaVSCODE\ATP\AntrenmanTakip\src\main\java\antrenmantakipcom\Business\FoodMeal\ShowFoodGraphs.java
C:\Users\kurtu\Documents\JavaVSCODE\ATP\AntrenmanTakip\src\main\java\antrenmantakipcom\DataAccess\Abstract\IUserDal.java
C:\Users\kurtu\Documents\JavaVSCODE\ATP\AntrenmanTakip\src\main\java\antrenmantakipcom\DataAccess\Concrete\Dal\DailyFoodValueDal.java
